Script started on Sat 09 Aug 2014 02:02:12 PM PDT
]0;william@william-Inspiron-N5110: ~/cs100/hw12/rshellwilliam@william-Inspiron-N5110:~/cs100/hw12/rshell$ make
g++ -Wall -Werror -ansi -pedantic src/main.cpp -o ./bin/rshell
]0;william@william-Inspiron-N5110: ~/cs100/hw12/rshellwilliam@william-Inspiron-N5110:~/cs100/hw12/rshell$ makegit push origin hw1[8Ptag[C[C[C[Ccommit -m "final  commit"[A]0;william@william-Inspiron-N5110: ~/cs100/hw12/rshellwilliam@william-Inspiron-N5110:~/cs100/hw12/rshell$ [C[C[C[C[9Ptag hw1
[K[A[C[C[C[C[C[C[C[C[C[C[C[C[C[C[C[C[C[C[C[C[C[C[C[C[C[C[C[C[C[C[C[C[C[C[C[C[C[C[C[C[C[C[C[C[C[C[C[C[C[C[C[C[C[C[C[C[C[C[C[C[C[C[C[8@push origin[C[C[C[Cmake[K[Kbin/rshae[K[Kell
$ ls
bin  exec.script  LICENSE  main.cpp  Makefile  README.md  src  tests
$ ls -a
.   bin		 .git	  main.cpp  README.md  tests
..  exec.script  LICENSE  Makefile  src
$ ls -l
total 28
drwxrwxr-x 2 william william 4096 Aug  9 14:02 bin
-rw-rw-r-- 1 william william    0 Aug  9 14:02 exec.script
-rw-rw-r-- 1 william william 1471 Aug  7 13:24 LICENSE
-rw-rw-r-- 1 william william 1477 Aug  7 13:31 main.cpp
-rw-rw-r-- 1 william william  141 Aug  7 14:31 Makefile
-rw-rw-r-- 1 william william 1195 Aug  7 13:31 README.md
drwxrwxr-x 2 william william 4096 Aug  9 14:00 src
drwxrwxr-x 2 william william 4096 Aug  9 13:40 tests
$ ls -R
.:
bin  exec.script  LICENSE  main.cpp  Makefile  README.md  src  tests

./bin:
rshell

./src:
main.cpp

./tests:
$ ls -al
total 40
drwxrwxr-x 6 william william 4096 Aug  9 14:02 .
drwxrwxr-x 3 william william 4096 Aug  7 12:43 ..
drwxrwxr-x 2 william william 4096 Aug  9 14:02 bin
-rw-rw-r-- 1 william william    0 Aug  9 14:02 exec.script
drwxrwxr-x 8 william william 4096 Aug  7 14:39 .git
-rw-rw-r-- 1 william william 1471 Aug  7 13:24 LICENSE
-rw-rw-r-- 1 william william 1477 Aug  7 13:31 main.cpp
-rw-rw-r-- 1 william william  141 Aug  7 14:31 Makefile
-rw-rw-r-- 1 william william 1195 Aug  7 13:31 README.md
drwxrwxr-x 2 william william 4096 Aug  9 14:00 src
drwxrwxr-x 2 william william 4096 Aug  9 13:40 tests
$ ls -la
total 40
drwxrwxr-x 6 william william 4096 Aug  9 14:02 .
drwxrwxr-x 3 william william 4096 Aug  7 12:43 ..
drwxrwxr-x 2 william william 4096 Aug  9 14:02 bin
-rw-rw-r-- 1 william william    0 Aug  9 14:02 exec.script
drwxrwxr-x 8 william william 4096 Aug  7 14:39 .git
-rw-rw-r-- 1 william william 1471 Aug  7 13:24 LICENSE
-rw-rw-r-- 1 william william 1477 Aug  7 13:31 main.cpp
-rw-rw-r-- 1 william william  141 Aug  7 14:31 Makefile
-rw-rw-r-- 1 william william 1195 Aug  7 13:31 README.md
drwxrwxr-x 2 william william 4096 Aug  9 14:00 src
drwxrwxr-x 2 william william 4096 Aug  9 13:40 tests
$ ls  ls # -a
bin  exec.script  LICENSE  main.cpp  Makefile  README.md  src  tests
$ # ls -a
$ ls -a #
.   bin		 .git	  main.cpp  README.md  tests
..  exec.script  LICENSE  Makefile  src
$   ls -a # -l
.   bin		 .git	  main.cpp  README.md  tests
..  exec.script  LICENSE  Makefile  src
$ ls -a -l #
total 40
drwxrwxr-x 6 william william 4096 Aug  9 14:02 .
drwxrwxr-x 3 william william 4096 Aug  7 12:43 ..
drwxrwxr-x 2 william william 4096 Aug  9 14:02 bin
-rw-rw-r-- 1 william william    0 Aug  9 14:02 exec.script
drwxrwxr-x 8 william william 4096 Aug  7 14:39 .git
-rw-rw-r-- 1 william william 1471 Aug  7 13:24 LICENSE
-rw-rw-r-- 1 william william 1477 Aug  7 13:31 main.cpp
-rw-rw-r-- 1 william william  141 Aug  7 14:31 Makefile
-rw-rw-r-- 1 william william 1195 Aug  7 13:31 README.md
drwxrwxr-x 2 william william 4096 Aug  9 14:00 src
drwxrwxr-x 2 william william 4096 Aug  9 13:40 tests
$ mkdior  r testdir
$ ls
bin	     LICENSE   Makefile   src	   tests
exec.script  main.cpp  README.md  testdir
$ tou   touch testfile
$ ls
bin	     LICENSE   Makefile   src	   testfile
exec.script  main.cpp  README.md  testdir  tests
$ mv testfile testdir
$ ls testdir
testfile
$ cat Makefile
all:
	g++ -Wall -Werror -ansi -pedantic src/main.cpp -o ./bin/rshell
rshell:
	g++ -Wall -Werror -ansi -pedantic src/main.cpp -o ./bin/rshell
$ rm  ls
bin	     LICENSE   Makefile   src	   tests
exec.script  main.cpp  README.md  testdir
$ rmdir testdir
rmdir: failed to remove ‚Äòtestdir‚Äô: Directory not empty
$ ls
bin  exec.script  LICENSE  main.cpp  Makefile  README.md  src  tests
$ mkdir ts estdir
$ rm testdir
rm: cannot remove ‚Äòtestdir‚Äô: Is a directory
$ rmdir testdir
$ ls
bin  exec.script  LICENSE  main.cpp  Makefile  README.md  src  tests
$ ex cho hello
hello
$ ech   cat /dev/random & > &
$ HïÕ›“nÈ}§BÅﬂŸXÒınX¶∞ü€œ*∫%
$ exevp failed: No such file or directory
$ exit
]0;william@william-Inspiron-N5110: ~/cs100/hw12/rshellwilliam@william-Inspiron-N5110:~/cs100/hw12/rshell$ k7—+@8$ exevp failed: No such file or directory
$ xit[K[K[Kexit
exit

Script done on Sat 09 Aug 2014 02:21:26 PM PDT
