Script started on Mon 18 Aug 2014 09:07:36 PM PDT
~
knguy080@well $ g++ main [K.cpp
~
knguy080@well $ ./a.out
abc~
knguy080@well $ ls
[0m[01;32ma.out[0m*    [01;34mcs61[0m/                   [01;34mfirstrepo[0m/     [01;34mMusic[0m/        [01;34mTemplates[0m/
[01;34mCS100[0m/    [01;34mDesktop[0m/                [0minput.txt[0m      [01;34mPictures[0m/     [0muntitled[0m
[01;34mCS100-2[0m/  [01;34mDocuments[0m/              [0mIntVector.cpp[0m  [0mpractice.cpp[0m  [0muntitled.cpp[0m
[01;34mcs12[0m/     [01;34mDownloads[0m/              [01;34mLAB2[0m/          [01;34mPublic[0m/       [01;34mVideos[0m/
[01;34mCS14[0m/     [01;32mFirefox_wallpaper.png[0m*  [01;32mmain.cpp[0m*      [01;34mrshell[0m/
[m~
knguy080@well $ cd CS100/rshell/src
~/CS100/rshell/src
knguy080@well $ g++ main.cpp
~/CS100/rshell/src
knguy080@well $ ./a.out
$ testing gib bberish
child exec failed: No such file or directory
$ #tw esting gibberish with comment
$ ls # test      #test ls
a.out  cp.cpp  exec.script  ls.cpp  main.cpp
$ ls #test ls with -r flag
a.out  cp.cpp  exec.script  ls.cpp  main.cpp
$ ls #test ls with -a flag
a.out  cp.cpp  exec.script  ls.cpp  main.cpp
$ exit
$ 
~/CS100/rshell/src
knguy080@well $ exit
exit

Script done on Mon 18 Aug 2014 09:09:41 PM PDT
