Script started on Tue 19 Aug 2014 01:56:44 PM PDT
~

knguy080@well $ ls
[0m[01;32ma.out[0m*    [01;34mcs61[0m/                   [01;34mfirstrepo[0m/     [01;34mMusic[0m/        [01;34mTemplates[0m/
[01;34mCS100[0m/    [01;34mDesktop[0m/                [0minput.txt[0m      [01;34mPictures[0m/     [0muntitled[0m
[01;34mCS100-2[0m/  [01;34mDocuments[0m/              [0mIntVector.cpp[0m  [0mpractice.cpp[0m  [0muntitled.cpp[0m
[01;34mcs12[0m/     [01;34mDownloads[0m/              [01;34mLAB2[0m/          [01;34mPublic[0m/       [01;34mVideos[0m/
[01;34mCS14[0m/     [01;32mFirefox_wallpaper.png[0m*  [01;32mmain.cpp[0m*      [01;34mrshell[0m/
[m~

knguy080@well $ cd CS200/[K[K[K[K100/CS[K[Krshell/src
~/CS100/rshell/src

knguy080@well $ g__[K[K++ main.cpp
~/CS100/rshell/src

knguy080@well $ ,.[K[K./a.out
$ ls # test ls
a.out  cp.cpp  hw3.script  ls.cpp  main.cpp
$ ls -a #test with flags
.  ..  a.out  cp.cpp  hw3.script  ls.cpp  main.cpp
$ ls < > test   xt.t    est.txt #shoudl create file and put con   output in it
$ ls
a.out  cp.cpp  hw3.script  ls.cpp  main.cpp  test.txt
$ cat test.txt
a.out
cp.cpp
hw3.script
ls.cpp
main.cpp
test.txt
$ ls >>      -a test.txt        >> should      #should append
.  ..  a.out  cp.cpp  hw3.script  ls.cpp  main.cpp  test.txt
$ cat test.txt
a.out
cp.cpp
hw3.script
ls.cpp
main.cpp
test.txt
$ ls 0a    = -a >>test     test.txt #should append
$ cat test.txt
a.out
cp.cpp
hw3.script
ls.cpp
main.cpp
test.txt
.
..
a.out
cp.cpp
hw3.script
ls.cpp
main.cpp
test.txt
$ cw  cw test.txt #normal cw command
child exec failed: No such file or directory
$ wc test.txt #normal wc command
 14  14 103 test.txt
$ wc < test.txt #cw with       wc with input redirection
 14  14 103
$ ls
a.out  cp.cpp  hw3.script  ls.cpp  main.cpp  test.txt
$ wc < test.txt > test3 2.txt #same as above but output goes into new file
 14  14 103
$ ls
a.out  cp.cpp  hw3.script  ls.cpp  main.cpp  test.txt
$ #did not work
$ wc |test     test.txt 



~/CS100/rshell/src

knguy080@well $ ./a.out
$ wc <test.txt
wc: <test.txt: No such file or directory
$ ls > test.      test.txt
ls: >test.txt: No such file or directory
$ #does nto    ot work unless there is proep  per spacing! !
$ 
~/CS100/rshell/src

knguy080@well $ exit
exit

Script done on Tue 19 Aug 2014 02:02:28 PM PDT
